// Jest Snapshot v1, https://goo.gl/fbAQLP

exports[`Storyshots Example/VirtualSky Primary 1`] = `
<div
  style={
    Object {
      "bottom": "0px",
      "left": "0px",
      "position": "absolute",
      "right": "0px",
      "top": "0px",
    }
  }
>
  <div
    id="startmap"
  />
</div>
`;
